Analysis & Synthesis report for Jogo
Tue Jun 25 15:24:38 2019
Quartus Prime Version 18.1.0 Build 625 09/12/2018 SJ Lite Edition


---------------------
; Table of Contents ;
---------------------
  1. Legal Notice
  2. Analysis & Synthesis Summary
  3. Analysis & Synthesis Settings
  4. Parallel Compilation
  5. Analysis & Synthesis Source Files Read
  6. Analysis & Synthesis Resource Usage Summary
  7. Analysis & Synthesis Resource Utilization by Entity
  8. State Machine - |Topo|Controle:CONTROL|EstadoAtual
  9. State Machine - |Topo|ButtonSync:BT|btn3state
 10. State Machine - |Topo|ButtonSync:BT|btn2state
 11. State Machine - |Topo|ButtonSync:BT|btn1state
 12. State Machine - |Topo|ButtonSync:BT|btn0state
 13. User-Specified and Inferred Latches
 14. Registers Removed During Synthesis
 15. Removed Registers Triggering Further Register Optimizations
 16. General Register Statistics
 17. Multiplexer Restructuring Statistics (Restructuring Performed)
 18. Port Connectivity Checks: "Datapath:DTPATH|Led:L1"
 19. Port Connectivity Checks: "ButtonSync:BT"
 20. Post-Synthesis Netlist Statistics for Top Partition
 21. Elapsed Time Per Partition
 22. Analysis & Synthesis Messages



----------------
; Legal Notice ;
----------------
Copyright (C) 2018  Intel Corporation. All rights reserved.
Your use of Intel Corporation's design tools, logic functions 
and other software and tools, and its AMPP partner logic 
functions, and any output files from any of the foregoing 
(including device programming or simulation files), and any 
associated documentation or information are expressly subject 
to the terms and conditions of the Intel Program License 
Subscription Agreement, the Intel Quartus Prime License Agreement,
the Intel FPGA IP License Agreement, or other applicable license
agreement, including, without limitation, that your use is for
the sole purpose of programming logic devices manufactured by
Intel and sold by Intel or its authorized distributors.  Please
refer to the applicable agreement for further details.



+-------------------------------------------------------------------------------+
; Analysis & Synthesis Summary                                                  ;
+---------------------------------+---------------------------------------------+
; Analysis & Synthesis Status     ; Successful - Tue Jun 25 15:24:38 2019       ;
; Quartus Prime Version           ; 18.1.0 Build 625 09/12/2018 SJ Lite Edition ;
; Revision Name                   ; Jogo                                        ;
; Top-level Entity Name           ; Topo                                        ;
; Family                          ; Cyclone V                                   ;
; Logic utilization (in ALMs)     ; N/A                                         ;
; Total registers                 ; 193                                         ;
; Total pins                      ; 59                                          ;
; Total virtual pins              ; 0                                           ;
; Total block memory bits         ; 0                                           ;
; Total DSP Blocks                ; 0                                           ;
; Total HSSI RX PCSs              ; 0                                           ;
; Total HSSI PMA RX Deserializers ; 0                                           ;
; Total HSSI TX PCSs              ; 0                                           ;
; Total HSSI PMA TX Serializers   ; 0                                           ;
; Total PLLs                      ; 0                                           ;
; Total DLLs                      ; 0                                           ;
+---------------------------------+---------------------------------------------+


+---------------------------------------------------------------------------------------------------------------------------+
; Analysis & Synthesis Settings                                                                                             ;
+---------------------------------------------------------------------------------+--------------------+--------------------+
; Option                                                                          ; Setting            ; Default Value      ;
+---------------------------------------------------------------------------------+--------------------+--------------------+
; Device                                                                          ; 5CSEMA5F31C6       ;                    ;
; Top-level entity name                                                           ; Topo               ; Jogo               ;
; Family name                                                                     ; Cyclone V          ; Cyclone V          ;
; Use smart compilation                                                           ; Off                ; Off                ;
; Enable parallel Assembler and Timing Analyzer during compilation                ; On                 ; On                 ;
; Enable compact report table                                                     ; Off                ; Off                ;
; Restructure Multiplexers                                                        ; Auto               ; Auto               ;
; MLAB Add Timing Constraints For Mixed-Port Feed-Through Mode Setting Don't Care ; Off                ; Off                ;
; Create Debugging Nodes for IP Cores                                             ; Off                ; Off                ;
; Preserve fewer node names                                                       ; On                 ; On                 ;
; Intel FPGA IP Evaluation Mode                                                   ; Enable             ; Enable             ;
; Verilog Version                                                                 ; Verilog_2001       ; Verilog_2001       ;
; VHDL Version                                                                    ; VHDL_1993          ; VHDL_1993          ;
; State Machine Processing                                                        ; Auto               ; Auto               ;
; Safe State Machine                                                              ; Off                ; Off                ;
; Extract Verilog State Machines                                                  ; On                 ; On                 ;
; Extract VHDL State Machines                                                     ; On                 ; On                 ;
; Ignore Verilog initial constructs                                               ; Off                ; Off                ;
; Iteration limit for constant Verilog loops                                      ; 5000               ; 5000               ;
; Iteration limit for non-constant Verilog loops                                  ; 250                ; 250                ;
; Add Pass-Through Logic to Inferred RAMs                                         ; On                 ; On                 ;
; Infer RAMs from Raw Logic                                                       ; On                 ; On                 ;
; Parallel Synthesis                                                              ; On                 ; On                 ;
; DSP Block Balancing                                                             ; Auto               ; Auto               ;
; NOT Gate Push-Back                                                              ; On                 ; On                 ;
; Power-Up Don't Care                                                             ; On                 ; On                 ;
; Remove Redundant Logic Cells                                                    ; Off                ; Off                ;
; Remove Duplicate Registers                                                      ; On                 ; On                 ;
; Ignore CARRY Buffers                                                            ; Off                ; Off                ;
; Ignore CASCADE Buffers                                                          ; Off                ; Off                ;
; Ignore GLOBAL Buffers                                                           ; Off                ; Off                ;
; Ignore ROW GLOBAL Buffers                                                       ; Off                ; Off                ;
; Ignore LCELL Buffers                                                            ; Off                ; Off                ;
; Ignore SOFT Buffers                                                             ; On                 ; On                 ;
; Limit AHDL Integers to 32 Bits                                                  ; Off                ; Off                ;
; Optimization Technique                                                          ; Balanced           ; Balanced           ;
; Carry Chain Length                                                              ; 70                 ; 70                 ;
; Auto Carry Chains                                                               ; On                 ; On                 ;
; Auto Open-Drain Pins                                                            ; On                 ; On                 ;
; Perform WYSIWYG Primitive Resynthesis                                           ; Off                ; Off                ;
; Auto ROM Replacement                                                            ; On                 ; On                 ;
; Auto RAM Replacement                                                            ; On                 ; On                 ;
; Auto DSP Block Replacement                                                      ; On                 ; On                 ;
; Auto Shift Register Replacement                                                 ; Auto               ; Auto               ;
; Allow Shift Register Merging across Hierarchies                                 ; Auto               ; Auto               ;
; Auto Clock Enable Replacement                                                   ; On                 ; On                 ;
; Strict RAM Replacement                                                          ; Off                ; Off                ;
; Allow Synchronous Control Signals                                               ; On                 ; On                 ;
; Force Use of Synchronous Clear Signals                                          ; Off                ; Off                ;
; Auto Resource Sharing                                                           ; Off                ; Off                ;
; Allow Any RAM Size For Recognition                                              ; Off                ; Off                ;
; Allow Any ROM Size For Recognition                                              ; Off                ; Off                ;
; Allow Any Shift Register Size For Recognition                                   ; Off                ; Off                ;
; Use LogicLock Constraints during Resource Balancing                             ; On                 ; On                 ;
; Ignore translate_off and synthesis_off directives                               ; Off                ; Off                ;
; Timing-Driven Synthesis                                                         ; On                 ; On                 ;
; Report Parameter Settings                                                       ; On                 ; On                 ;
; Report Source Assignments                                                       ; On                 ; On                 ;
; Report Connectivity Checks                                                      ; On                 ; On                 ;
; Ignore Maximum Fan-Out Assignments                                              ; Off                ; Off                ;
; Synchronization Register Chain Length                                           ; 3                  ; 3                  ;
; Power Optimization During Synthesis                                             ; Normal compilation ; Normal compilation ;
; HDL message level                                                               ; Level2             ; Level2             ;
; Suppress Register Optimization Related Messages                                 ; Off                ; Off                ;
; Number of Removed Registers Reported in Synthesis Report                        ; 5000               ; 5000               ;
; Number of Swept Nodes Reported in Synthesis Report                              ; 5000               ; 5000               ;
; Number of Inverted Registers Reported in Synthesis Report                       ; 100                ; 100                ;
; Clock MUX Protection                                                            ; On                 ; On                 ;
; Auto Gated Clock Conversion                                                     ; Off                ; Off                ;
; Block Design Naming                                                             ; Auto               ; Auto               ;
; SDC constraint protection                                                       ; Off                ; Off                ;
; Synthesis Effort                                                                ; Auto               ; Auto               ;
; Shift Register Replacement - Allow Asynchronous Clear Signal                    ; On                 ; On                 ;
; Pre-Mapping Resynthesis Optimization                                            ; Off                ; Off                ;
; Analysis & Synthesis Message Level                                              ; Medium             ; Medium             ;
; Disable Register Merging Across Hierarchies                                     ; Auto               ; Auto               ;
; Resource Aware Inference For Block RAM                                          ; On                 ; On                 ;
; Automatic Parallel Synthesis                                                    ; On                 ; On                 ;
; Partial Reconfiguration Bitstream ID                                            ; Off                ; Off                ;
+---------------------------------------------------------------------------------+--------------------+--------------------+


+------------------------------------------+
; Parallel Compilation                     ;
+----------------------------+-------------+
; Processors                 ; Number      ;
+----------------------------+-------------+
; Number detected on machine ; 4           ;
; Maximum allowed            ; 2           ;
;                            ;             ;
; Average used               ; 1.00        ;
; Maximum used               ; 2           ;
;                            ;             ;
; Usage by Processor         ; % Time Used ;
;     Processor 1            ; 100.0%      ;
;     Processor 2            ;   0.0%      ;
+----------------------------+-------------+


+---------------------------------------------------------------------------------------------------------------------------------------------------------+
; Analysis & Synthesis Source Files Read                                                                                                                  ;
+----------------------------------+-----------------+-----------------+------------------------------------------------------------------------+---------+
; File Name with User-Entered Path ; Used in Netlist ; File Type       ; File Name with Absolute Path                                           ; Library ;
+----------------------------------+-----------------+-----------------+------------------------------------------------------------------------+---------+
; Decod7seg.vhd                    ; yes             ; User VHDL File  ; /home/josef/Documentos/Programacao/git/Blackjack-29/Decod7seg.vhd      ;         ;
; Topo.vhd                         ; yes             ; User VHDL File  ; /home/josef/Documentos/Programacao/git/Blackjack-29/Topo.vhd           ;         ;
; ButtonSync.vhd                   ; yes             ; User VHDL File  ; /home/josef/Documentos/Programacao/git/Blackjack-29/ButtonSync.vhd     ;         ;
; Datapath.vhd                     ; yes             ; User VHDL File  ; /home/josef/Documentos/Programacao/git/Blackjack-29/Datapath.vhd       ;         ;
; FSM_clock.vhd                    ; yes             ; User VHDL File  ; /home/josef/Documentos/Programacao/git/Blackjack-29/FSM_clock.vhd      ;         ;
; Controle.vhd                     ; yes             ; User VHDL File  ; /home/josef/Documentos/Programacao/git/Blackjack-29/Controle.vhd       ;         ;
; Led.vhd                          ; yes             ; User VHDL File  ; /home/josef/Documentos/Programacao/git/Blackjack-29/Led.vhd            ;         ;
; DecodBCD.vhd                     ; yes             ; User VHDL File  ; /home/josef/Documentos/Programacao/git/Blackjack-29/DecodBCD.vhd       ;         ;
; Sequencer.vhd                    ; yes             ; User VHDL File  ; /home/josef/Documentos/Programacao/git/Blackjack-29/Sequencer.vhd      ;         ;
; Counter_round.vhd                ; yes             ; User VHDL File  ; /home/josef/Documentos/Programacao/git/Blackjack-29/Counter_round.vhd  ;         ;
; Counter_time.vhd                 ; yes             ; User VHDL File  ; /home/josef/Documentos/Programacao/git/Blackjack-29/Counter_time.vhd   ;         ;
; Counter_point.vhd                ; yes             ; User VHDL File  ; /home/josef/Documentos/Programacao/git/Blackjack-29/Counter_point.vhd  ;         ;
; DecodLED.vhd                     ; yes             ; User VHDL File  ; /home/josef/Documentos/Programacao/git/Blackjack-29/DecodLED.vhd       ;         ;
; Counter_point1.vhd               ; yes             ; User VHDL File  ; /home/josef/Documentos/Programacao/git/Blackjack-29/Counter_point1.vhd ;         ;
+----------------------------------+-----------------+-----------------+------------------------------------------------------------------------+---------+


+----------------------------------------------------------------------------------+
; Analysis & Synthesis Resource Usage Summary                                      ;
+---------------------------------------------+------------------------------------+
; Resource                                    ; Usage                              ;
+---------------------------------------------+------------------------------------+
; Estimate of Logic utilization (ALMs needed) ; 195                                ;
;                                             ;                                    ;
; Combinational ALUT usage for logic          ; 345                                ;
;     -- 7 input functions                    ; 0                                  ;
;     -- 6 input functions                    ; 44                                 ;
;     -- 5 input functions                    ; 35                                 ;
;     -- 4 input functions                    ; 54                                 ;
;     -- <=3 input functions                  ; 212                                ;
;                                             ;                                    ;
; Dedicated logic registers                   ; 193                                ;
;                                             ;                                    ;
; I/O pins                                    ; 59                                 ;
;                                             ;                                    ;
; Total DSP Blocks                            ; 0                                  ;
;                                             ;                                    ;
; Maximum fan-out node                        ; Controle:CONTROL|EstadoAtual.Start ;
; Maximum fan-out                             ; 190                                ;
; Total fan-out                               ; 2102                               ;
; Average fan-out                             ; 3.20                               ;
+---------------------------------------------+------------------------------------+


+-------------------------------------------------------------------------------------------------------------------------------------------------------------------------------------------------------------------+
; Analysis & Synthesis Resource Utilization by Entity                                                                                                                                                               ;
+----------------------------+---------------------+---------------------------+-------------------+------------+------+--------------+---------------------------------------------+----------------+--------------+
; Compilation Hierarchy Node ; Combinational ALUTs ; Dedicated Logic Registers ; Block Memory Bits ; DSP Blocks ; Pins ; Virtual Pins ; Full Hierarchy Name                         ; Entity Name    ; Library Name ;
+----------------------------+---------------------+---------------------------+-------------------+------------+------+--------------+---------------------------------------------+----------------+--------------+
; |Topo                      ; 345 (0)             ; 193 (0)                   ; 0                 ; 0          ; 59   ; 0            ; |Topo                                       ; Topo           ; work         ;
;    |ButtonSync:BT|         ; 6 (6)               ; 6 (6)                     ; 0                 ; 0          ; 0    ; 0            ; |Topo|ButtonSync:BT                         ; ButtonSync     ; work         ;
;    |Controle:CONTROL|      ; 13 (13)             ; 7 (7)                     ; 0                 ; 0          ; 0    ; 0            ; |Topo|Controle:CONTROL                      ; Controle       ; work         ;
;    |Datapath:DTPATH|       ; 326 (8)             ; 180 (2)                   ; 0                 ; 0          ; 0    ; 0            ; |Topo|Datapath:DTPATH                       ; Datapath       ; work         ;
;       |Counter_point1:CP0| ; 8 (8)               ; 7 (7)                     ; 0                 ; 0          ; 0    ; 0            ; |Topo|Datapath:DTPATH|Counter_point1:CP0    ; Counter_point1 ; work         ;
;       |Counter_point:CP1|  ; 8 (8)               ; 7 (7)                     ; 0                 ; 0          ; 0    ; 0            ; |Topo|Datapath:DTPATH|Counter_point:CP1     ; Counter_point  ; work         ;
;       |Counter_round:CR1|  ; 4 (4)               ; 5 (5)                     ; 0                 ; 0          ; 0    ; 0            ; |Topo|Datapath:DTPATH|Counter_round:CR1     ; Counter_round  ; work         ;
;       |Counter_time:CT1|   ; 4 (4)               ; 5 (5)                     ; 0                 ; 0          ; 0    ; 0            ; |Topo|Datapath:DTPATH|Counter_time:CT1      ; Counter_time   ; work         ;
;       |FSM_clock:C1|       ; 170 (170)           ; 145 (145)                 ; 0                 ; 0          ; 0    ; 0            ; |Topo|Datapath:DTPATH|FSM_clock:C1          ; FSM_clock      ; work         ;
;       |Led:L1|             ; 106 (41)            ; 0 (0)                     ; 0                 ; 0          ; 0    ; 0            ; |Topo|Datapath:DTPATH|Led:L1                ; Led            ; work         ;
;          |Decod7seg:H1|    ; 3 (3)               ; 0 (0)                     ; 0                 ; 0          ; 0    ; 0            ; |Topo|Datapath:DTPATH|Led:L1|Decod7seg:H1   ; Decod7seg      ; work         ;
;          |Decod7seg:L1|    ; 3 (3)               ; 0 (0)                     ; 0                 ; 0          ; 0    ; 0            ; |Topo|Datapath:DTPATH|Led:L1|Decod7seg:L1   ; Decod7seg      ; work         ;
;          |Decod7seg:R1|    ; 4 (4)               ; 0 (0)                     ; 0                 ; 0          ; 0    ; 0            ; |Topo|Datapath:DTPATH|Led:L1|Decod7seg:R1   ; Decod7seg      ; work         ;
;          |Decod7seg:U1L2|  ; 9 (9)               ; 0 (0)                     ; 0                 ; 0          ; 0    ; 0            ; |Topo|Datapath:DTPATH|Led:L1|Decod7seg:U1L2 ; Decod7seg      ; work         ;
;          |Decod7seg:U2L2|  ; 5 (5)               ; 0 (0)                     ; 0                 ; 0          ; 0    ; 0            ; |Topo|Datapath:DTPATH|Led:L1|Decod7seg:U2L2 ; Decod7seg      ; work         ;
;          |DecodBCD:U1BCD|  ; 3 (3)               ; 0 (0)                     ; 0                 ; 0          ; 0    ; 0            ; |Topo|Datapath:DTPATH|Led:L1|DecodBCD:U1BCD ; DecodBCD       ; work         ;
;          |DecodBCD:U2BCD|  ; 5 (5)               ; 0 (0)                     ; 0                 ; 0          ; 0    ; 0            ; |Topo|Datapath:DTPATH|Led:L1|DecodBCD:U2BCD ; DecodBCD       ; work         ;
;          |DecodLED:LE1|    ; 33 (33)             ; 0 (0)                     ; 0                 ; 0          ; 0    ; 0            ; |Topo|Datapath:DTPATH|Led:L1|DecodLED:LE1   ; DecodLED       ; work         ;
;       |Sequencer:S1|       ; 18 (18)             ; 9 (9)                     ; 0                 ; 0          ; 0    ; 0            ; |Topo|Datapath:DTPATH|Sequencer:S1          ; Sequencer      ; work         ;
+----------------------------+---------------------+---------------------------+-------------------+------------+------+--------------+---------------------------------------------+----------------+--------------+
Note: For table entries with two numbers listed, the numbers in parentheses indicate the number of resources of the given type used by the specific entity alone. The numbers listed outside of parentheses indicate the total resources of the given type used by the specific entity and all of its sub-entities in the hierarchy.


Encoding Type:  One-Hot
+--------------------------------------------------------------------------------------------------------------------------------------------------------------------------+
; State Machine - |Topo|Controle:CONTROL|EstadoAtual                                                                                                                       ;
+------------------------+--------------------+------------------------+--------------------+-------------------+------------------+-------------------+-------------------+
; Name                   ; EstadoAtual.Wait_C ; EstadoAtual.Next_Round ; EstadoAtual.Result ; EstadoAtual.Check ; EstadoAtual.Play ; EstadoAtual.Setup ; EstadoAtual.Start ;
+------------------------+--------------------+------------------------+--------------------+-------------------+------------------+-------------------+-------------------+
; EstadoAtual.Start      ; 0                  ; 0                      ; 0                  ; 0                 ; 0                ; 0                 ; 0                 ;
; EstadoAtual.Setup      ; 0                  ; 0                      ; 0                  ; 0                 ; 0                ; 1                 ; 1                 ;
; EstadoAtual.Play       ; 0                  ; 0                      ; 0                  ; 0                 ; 1                ; 0                 ; 1                 ;
; EstadoAtual.Check      ; 0                  ; 0                      ; 0                  ; 1                 ; 0                ; 0                 ; 1                 ;
; EstadoAtual.Result     ; 0                  ; 0                      ; 1                  ; 0                 ; 0                ; 0                 ; 1                 ;
; EstadoAtual.Next_Round ; 0                  ; 1                      ; 0                  ; 0                 ; 0                ; 0                 ; 1                 ;
; EstadoAtual.Wait_C     ; 1                  ; 0                      ; 0                  ; 0                 ; 0                ; 0                 ; 1                 ;
+------------------------+--------------------+------------------------+--------------------+-------------------+------------------+-------------------+-------------------+


Encoding Type:  One-Hot
+---------------------------------------------------------------------------------------------------+
; State Machine - |Topo|ButtonSync:BT|btn3state                                                     ;
+-------------------------+------------------------+----------------------+-------------------------+
; Name                    ; btn3state.EsperaSoltar ; btn3state.SaidaAtiva ; btn3state.EsperaApertar ;
+-------------------------+------------------------+----------------------+-------------------------+
; btn3state.EsperaApertar ; 0                      ; 0                    ; 0                       ;
; btn3state.SaidaAtiva    ; 0                      ; 1                    ; 1                       ;
; btn3state.EsperaSoltar  ; 1                      ; 0                    ; 1                       ;
+-------------------------+------------------------+----------------------+-------------------------+


Encoding Type:  One-Hot
+---------------------------------------------------------------------------------------------------+
; State Machine - |Topo|ButtonSync:BT|btn2state                                                     ;
+-------------------------+------------------------+----------------------+-------------------------+
; Name                    ; btn2state.EsperaSoltar ; btn2state.SaidaAtiva ; btn2state.EsperaApertar ;
+-------------------------+------------------------+----------------------+-------------------------+
; btn2state.EsperaApertar ; 0                      ; 0                    ; 0                       ;
; btn2state.SaidaAtiva    ; 0                      ; 1                    ; 1                       ;
; btn2state.EsperaSoltar  ; 1                      ; 0                    ; 1                       ;
+-------------------------+------------------------+----------------------+-------------------------+


Encoding Type:  One-Hot
+---------------------------------------------------------------------------------------------------+
; State Machine - |Topo|ButtonSync:BT|btn1state                                                     ;
+-------------------------+------------------------+----------------------+-------------------------+
; Name                    ; btn1state.EsperaSoltar ; btn1state.SaidaAtiva ; btn1state.EsperaApertar ;
+-------------------------+------------------------+----------------------+-------------------------+
; btn1state.EsperaApertar ; 0                      ; 0                    ; 0                       ;
; btn1state.SaidaAtiva    ; 0                      ; 1                    ; 1                       ;
; btn1state.EsperaSoltar  ; 1                      ; 0                    ; 1                       ;
+-------------------------+------------------------+----------------------+-------------------------+


Encoding Type:  One-Hot
+---------------------------------------------------------------------------------------------------+
; State Machine - |Topo|ButtonSync:BT|btn0state                                                     ;
+-------------------------+------------------------+----------------------+-------------------------+
; Name                    ; btn0state.EsperaSoltar ; btn0state.SaidaAtiva ; btn0state.EsperaApertar ;
+-------------------------+------------------------+----------------------+-------------------------+
; btn0state.EsperaApertar ; 0                      ; 0                    ; 0                       ;
; btn0state.SaidaAtiva    ; 0                      ; 1                    ; 1                       ;
; btn0state.EsperaSoltar  ; 1                      ; 0                    ; 1                       ;
+-------------------------+------------------------+----------------------+-------------------------+


+----------------------------------------------------------------------------------------------------+
; User-Specified and Inferred Latches                                                                ;
+-----------------------------------------------------+---------------------+------------------------+
; Latch Name                                          ; Latch Enable Signal ; Free of Timing Hazards ;
+-----------------------------------------------------+---------------------+------------------------+
; Datapath:DTPATH|Led:L1|DecodLED:LE1|saida[0]        ; GND                 ; yes                    ;
; Datapath:DTPATH|Led:L1|DecodLED:LE1|saida[1]        ; GND                 ; yes                    ;
; Datapath:DTPATH|Led:L1|DecodLED:LE1|saida[2]        ; GND                 ; yes                    ;
; Datapath:DTPATH|Led:L1|DecodLED:LE1|saida[3]        ; GND                 ; yes                    ;
; Datapath:DTPATH|Led:L1|DecodLED:LE1|saida[4]        ; GND                 ; yes                    ;
; Datapath:DTPATH|Led:L1|DecodLED:LE1|saida[5]        ; GND                 ; yes                    ;
; Datapath:DTPATH|Led:L1|DecodLED:LE1|saida[6]        ; GND                 ; yes                    ;
; Datapath:DTPATH|Led:L1|DecodLED:LE1|saida[7]        ; GND                 ; yes                    ;
; Datapath:DTPATH|Led:L1|DecodLED:LE1|saida[8]        ; GND                 ; yes                    ;
; Datapath:DTPATH|Led:L1|DecodLED:LE1|saida[9]        ; GND                 ; yes                    ;
; Datapath:DTPATH|Led:L1|HEX5[0]                      ; VCC                 ; yes                    ;
; Datapath:DTPATH|Led:L1|HEX5[1]                      ; VCC                 ; yes                    ;
; Datapath:DTPATH|Led:L1|HEX5[2]                      ; VCC                 ; yes                    ;
; Datapath:DTPATH|Led:L1|HEX5[3]                      ; VCC                 ; yes                    ;
; Datapath:DTPATH|Led:L1|HEX5[4]                      ; VCC                 ; yes                    ;
; Datapath:DTPATH|Led:L1|HEX5[5]                      ; VCC                 ; yes                    ;
; Datapath:DTPATH|Led:L1|HEX5[6]                      ; VCC                 ; yes                    ;
; Datapath:DTPATH|Led:L1|HEX4[0]                      ; VCC                 ; yes                    ;
; Datapath:DTPATH|Led:L1|HEX4[1]                      ; VCC                 ; yes                    ;
; Datapath:DTPATH|Led:L1|HEX4[2]                      ; VCC                 ; yes                    ;
; Datapath:DTPATH|Led:L1|HEX4[3]                      ; VCC                 ; yes                    ;
; Datapath:DTPATH|Led:L1|HEX4[4]                      ; VCC                 ; yes                    ;
; Datapath:DTPATH|Led:L1|HEX4[5]                      ; VCC                 ; yes                    ;
; Datapath:DTPATH|Led:L1|HEX4[6]                      ; VCC                 ; yes                    ;
; Datapath:DTPATH|Sequencer:S1|prox[0]                ; GND                 ; yes                    ;
; Datapath:DTPATH|Sequencer:S1|prox[1]                ; GND                 ; yes                    ;
; Datapath:DTPATH|Sequencer:S1|prox[2]                ; GND                 ; yes                    ;
; Datapath:DTPATH|Sequencer:S1|prox[3]                ; GND                 ; yes                    ;
; Number of user-specified and inferred latches = 28  ;                     ;                        ;
+-----------------------------------------------------+---------------------+------------------------+
Note: All latches listed above may not be present at the end of synthesis due to various synthesis optimizations.


+------------------------------------------------------------+
; Registers Removed During Synthesis                         ;
+---------------------------------------+--------------------+
; Register name                         ; Reason for Removal ;
+---------------------------------------+--------------------+
; ButtonSync:BT|btn3state.SaidaAtiva    ; Lost fanout        ;
; ButtonSync:BT|btn3state.EsperaSoltar  ; Lost fanout        ;
; ButtonSync:BT|btn3state.EsperaApertar ; Lost fanout        ;
; ButtonSync:BT|btn2state.EsperaSoltar  ; Lost fanout        ;
; ButtonSync:BT|btn1state.EsperaSoltar  ; Lost fanout        ;
; ButtonSync:BT|btn0state.EsperaSoltar  ; Lost fanout        ;
; Total Number of Removed Registers = 6 ;                    ;
+---------------------------------------+--------------------+


+--------------------------------------------------------------------------------------------------+
; Removed Registers Triggering Further Register Optimizations                                      ;
+------------------------------------+--------------------+----------------------------------------+
; Register name                      ; Reason for Removal ; Registers Removed due to This Register ;
+------------------------------------+--------------------+----------------------------------------+
; ButtonSync:BT|btn3state.SaidaAtiva ; Lost Fanouts       ; ButtonSync:BT|btn3state.EsperaApertar  ;
+------------------------------------+--------------------+----------------------------------------+


+------------------------------------------------------+
; General Register Statistics                          ;
+----------------------------------------------+-------+
; Statistic                                    ; Value ;
+----------------------------------------------+-------+
; Total registers                              ; 193   ;
; Number of registers using Synchronous Clear  ; 140   ;
; Number of registers using Synchronous Load   ; 0     ;
; Number of registers using Asynchronous Clear ; 182   ;
; Number of registers using Asynchronous Load  ; 0     ;
; Number of registers using Clock Enable       ; 173   ;
; Number of registers using Preset             ; 0     ;
+----------------------------------------------+-------+


+----------------------------------------------------------------------------------------------------------------------------------------------------------------------+
; Multiplexer Restructuring Statistics (Restructuring Performed)                                                                                                       ;
+--------------------+-----------+---------------+----------------------+------------------------+------------+--------------------------------------------------------+
; Multiplexer Inputs ; Bus Width ; Baseline Area ; Area if Restructured ; Saving if Restructured ; Registered ; Example Multiplexer Output                             ;
+--------------------+-----------+---------------+----------------------+------------------------+------------+--------------------------------------------------------+
; 4:1                ; 2 bits    ; 4 LEs         ; 4 LEs                ; 0 LEs                  ; No         ; |Topo|Datapath:DTPATH|Led:L1|HEX3[6]                   ;
; 4:1                ; 2 bits    ; 4 LEs         ; 4 LEs                ; 0 LEs                  ; No         ; |Topo|Datapath:DTPATH|Led:L1|HEX1[6]                   ;
; 5:1                ; 3 bits    ; 9 LEs         ; 9 LEs                ; 0 LEs                  ; No         ; |Topo|Datapath:DTPATH|Led:L1|HEX3[1]                   ;
; 5:1                ; 3 bits    ; 9 LEs         ; 9 LEs                ; 0 LEs                  ; No         ; |Topo|Datapath:DTPATH|Led:L1|HEX1[3]                   ;
; 32:1               ; 2 bits    ; 42 LEs        ; 24 LEs               ; 18 LEs                 ; No         ; |Topo|Datapath:DTPATH|Led:L1|DecodBCD:U1BCD|saidaLS[3] ;
; 6:1                ; 2 bits    ; 8 LEs         ; 8 LEs                ; 0 LEs                  ; No         ; |Topo|Datapath:DTPATH|Led:L1|HEX3[2]                   ;
; 32:1               ; 2 bits    ; 42 LEs        ; 24 LEs               ; 18 LEs                 ; No         ; |Topo|Datapath:DTPATH|Led:L1|DecodBCD:U2BCD|saidaLS[3] ;
; 6:1                ; 2 bits    ; 8 LEs         ; 8 LEs                ; 0 LEs                  ; No         ; |Topo|Datapath:DTPATH|Led:L1|HEX1[2]                   ;
; 19:1               ; 2 bits    ; 24 LEs        ; 24 LEs               ; 0 LEs                  ; No         ; |Topo|Datapath:DTPATH|Sequencer:S1|prox[0]             ;
+--------------------+-----------+---------------+----------------------+------------------------+------------+--------------------------------------------------------+


+----------------------------------------------------+
; Port Connectivity Checks: "Datapath:DTPATH|Led:L1" ;
+-------------+-------+----------+-------------------+
; Port        ; Type  ; Severity ; Details           ;
+-------------+-------+----------+-------------------+
; win1[3..1]  ; Input ; Info     ; Stuck at GND      ;
; level[3..2] ; Input ; Info     ; Stuck at GND      ;
+-------------+-------+----------+-------------------+


+----------------------------------------------------------------------------------------------------------------+
; Port Connectivity Checks: "ButtonSync:BT"                                                                      ;
+------+--------+----------+-------------------------------------------------------------------------------------+
; Port ; Type   ; Severity ; Details                                                                             ;
+------+--------+----------+-------------------------------------------------------------------------------------+
; btn3 ; Output ; Info     ; Connected to dangling logic. Logic that only feeds a dangling port will be removed. ;
+------+--------+----------+-------------------------------------------------------------------------------------+


+-----------------------------------------------------+
; Post-Synthesis Netlist Statistics for Top Partition ;
+-----------------------+-----------------------------+
; Type                  ; Count                       ;
+-----------------------+-----------------------------+
; arriav_ff             ; 193                         ;
;     CLR               ; 14                          ;
;     ENA               ; 5                           ;
;     ENA CLR           ; 28                          ;
;     ENA CLR SCLR      ; 140                         ;
;     plain             ; 6                           ;
; arriav_lcell_comb     ; 348                         ;
;     arith             ; 152                         ;
;         1 data inputs ; 144                         ;
;         2 data inputs ; 8                           ;
;     normal            ; 196                         ;
;         1 data inputs ; 9                           ;
;         2 data inputs ; 18                          ;
;         3 data inputs ; 36                          ;
;         4 data inputs ; 54                          ;
;         5 data inputs ; 35                          ;
;         6 data inputs ; 44                          ;
; boundary_port         ; 59                          ;
;                       ;                             ;
; Max LUT depth         ; 4.00                        ;
; Average LUT depth     ; 2.50                        ;
+-----------------------+-----------------------------+


+-------------------------------+
; Elapsed Time Per Partition    ;
+----------------+--------------+
; Partition Name ; Elapsed Time ;
+----------------+--------------+
; Top            ; 00:00:02     ;
+----------------+--------------+


+-------------------------------+
; Analysis & Synthesis Messages ;
+-------------------------------+
Info: *******************************************************************
Info: Running Quartus Prime Analysis & Synthesis
    Info: Version 18.1.0 Build 625 09/12/2018 SJ Lite Edition
    Info: Processing started: Tue Jun 25 15:24:14 2019
Info: Command: quartus_map --read_settings_files=on --write_settings_files=off Jogo -c Jogo
Warning (18236): Number of processors has not been specified which may cause overloading on shared machines.  Set the global assignment NUM_PARALLEL_PROCESSORS in your QSF to an appropriate value for best performance.
Info (20030): Parallel compilation is enabled and will use 2 of the 2 processors detected
Info (12021): Found 2 design units, including 1 entities, in source file Decod7seg.vhd
    Info (12022): Found design unit 1: Decod7seg-decod File: /home/josef/Documentos/Programacao/git/Blackjack-29/Decod7seg.vhd Line: 10
    Info (12023): Found entity 1: Decod7seg File: /home/josef/Documentos/Programacao/git/Blackjack-29/Decod7seg.vhd Line: 4
Info (12021): Found 2 design units, including 1 entities, in source file Topo.vhd
    Info (12022): Found design unit 1: Topo-tp File: /home/josef/Documentos/Programacao/git/Blackjack-29/Topo.vhd Line: 21
    Info (12023): Found entity 1: Topo File: /home/josef/Documentos/Programacao/git/Blackjack-29/Topo.vhd Line: 4
Info (12021): Found 2 design units, including 1 entities, in source file ButtonSync.vhd
    Info (12022): Found design unit 1: ButtonSync-ButtonSyncImpl File: /home/josef/Documentos/Programacao/git/Blackjack-29/ButtonSync.vhd Line: 15
    Info (12023): Found entity 1: ButtonSync File: /home/josef/Documentos/Programacao/git/Blackjack-29/ButtonSync.vhd Line: 6
Info (12021): Found 2 design units, including 1 entities, in source file Datapath.vhd
    Info (12022): Found design unit 1: Datapath-path File: /home/josef/Documentos/Programacao/git/Blackjack-29/Datapath.vhd Line: 35
    Info (12023): Found entity 1: Datapath File: /home/josef/Documentos/Programacao/git/Blackjack-29/Datapath.vhd Line: 6
Info (12021): Found 2 design units, including 1 entities, in source file FSM_clock.vhd
    Info (12022): Found design unit 1: FSM_clock-topo_beh File: /home/josef/Documentos/Programacao/git/Blackjack-29/FSM_clock.vhd Line: 17
    Info (12023): Found entity 1: FSM_clock File: /home/josef/Documentos/Programacao/git/Blackjack-29/FSM_clock.vhd Line: 5
Info (12021): Found 2 design units, including 1 entities, in source file Controle.vhd
    Info (12022): Found design unit 1: Controle-control File: /home/josef/Documentos/Programacao/git/Blackjack-29/Controle.vhd Line: 26
    Info (12023): Found entity 1: Controle File: /home/josef/Documentos/Programacao/git/Blackjack-29/Controle.vhd Line: 4
Info (12021): Found 2 design units, including 1 entities, in source file Led.vhd
    Info (12022): Found design unit 1: Led-led File: /home/josef/Documentos/Programacao/git/Blackjack-29/Led.vhd Line: 26
    Info (12023): Found entity 1: Led File: /home/josef/Documentos/Programacao/git/Blackjack-29/Led.vhd Line: 4
Info (12021): Found 2 design units, including 1 entities, in source file DecodBCD.vhd
    Info (12022): Found design unit 1: DecodBCD-decodB File: /home/josef/Documentos/Programacao/git/Blackjack-29/DecodBCD.vhd Line: 12
    Info (12023): Found entity 1: DecodBCD File: /home/josef/Documentos/Programacao/git/Blackjack-29/DecodBCD.vhd Line: 6
Info (12021): Found 2 design units, including 1 entities, in source file Sequencer.vhd
    Info (12022): Found design unit 1: Sequencer-seq File: /home/josef/Documentos/Programacao/git/Blackjack-29/Sequencer.vhd Line: 15
    Info (12023): Found entity 1: Sequencer File: /home/josef/Documentos/Programacao/git/Blackjack-29/Sequencer.vhd Line: 6
Info (12021): Found 2 design units, including 1 entities, in source file Counter_round.vhd
    Info (12022): Found design unit 1: Counter_round-countR File: /home/josef/Documentos/Programacao/git/Blackjack-29/Counter_round.vhd Line: 15
    Info (12023): Found entity 1: Counter_round File: /home/josef/Documentos/Programacao/git/Blackjack-29/Counter_round.vhd Line: 6
Info (12021): Found 2 design units, including 1 entities, in source file Counter_time.vhd
    Info (12022): Found design unit 1: Counter_time-countT File: /home/josef/Documentos/Programacao/git/Blackjack-29/Counter_time.vhd Line: 15
    Info (12023): Found entity 1: Counter_time File: /home/josef/Documentos/Programacao/git/Blackjack-29/Counter_time.vhd Line: 6
Info (12021): Found 2 design units, including 1 entities, in source file Counter_point.vhd
    Info (12022): Found design unit 1: Counter_point-countP File: /home/josef/Documentos/Programacao/git/Blackjack-29/Counter_point.vhd Line: 18
    Info (12023): Found entity 1: Counter_point File: /home/josef/Documentos/Programacao/git/Blackjack-29/Counter_point.vhd Line: 6
Info (12021): Found 2 design units, including 1 entities, in source file DecodLED.vhd
    Info (12022): Found design unit 1: DecodLED-decodL File: /home/josef/Documentos/Programacao/git/Blackjack-29/DecodLED.vhd Line: 10
    Info (12023): Found entity 1: DecodLED File: /home/josef/Documentos/Programacao/git/Blackjack-29/DecodLED.vhd Line: 4
Info (12021): Found 2 design units, including 1 entities, in source file Counter_point1.vhd
    Info (12022): Found design unit 1: Counter_point1-countP File: /home/josef/Documentos/Programacao/git/Blackjack-29/Counter_point1.vhd Line: 18
    Info (12023): Found entity 1: Counter_point1 File: /home/josef/Documentos/Programacao/git/Blackjack-29/Counter_point1.vhd Line: 6
Info (12127): Elaborating entity "Topo" for the top level hierarchy
Warning (10036): Verilog HDL or VHDL warning at Topo.vhd(26): object "bt3" assigned a value but never read File: /home/josef/Documentos/Programacao/git/Blackjack-29/Topo.vhd Line: 26
Info (12128): Elaborating entity "ButtonSync" for hierarchy "ButtonSync:BT" File: /home/josef/Documentos/Programacao/git/Blackjack-29/Topo.vhd Line: 89
Info (12128): Elaborating entity "Controle" for hierarchy "Controle:CONTROL" File: /home/josef/Documentos/Programacao/git/Blackjack-29/Topo.vhd Line: 90
Warning (10492): VHDL Process Statement warning at Controle.vhd(81): signal "Stop" is read inside the Process Statement but isn't in the Process Statement's sensitivity list File: /home/josef/Documentos/Programacao/git/Blackjack-29/Controle.vhd Line: 81
Warning (10492): VHDL Process Statement warning at Controle.vhd(81): signal "end_time" is read inside the Process Statement but isn't in the Process Statement's sensitivity list File: /home/josef/Documentos/Programacao/git/Blackjack-29/Controle.vhd Line: 81
Warning (10492): VHDL Process Statement warning at Controle.vhd(83): signal "end_time" is read inside the Process Statement but isn't in the Process Statement's sensitivity list File: /home/josef/Documentos/Programacao/git/Blackjack-29/Controle.vhd Line: 83
Warning (10492): VHDL Process Statement warning at Controle.vhd(98): signal "overflow" is read inside the Process Statement but isn't in the Process Statement's sensitivity list File: /home/josef/Documentos/Programacao/git/Blackjack-29/Controle.vhd Line: 98
Warning (10492): VHDL Process Statement warning at Controle.vhd(98): signal "end_game" is read inside the Process Statement but isn't in the Process Statement's sensitivity list File: /home/josef/Documentos/Programacao/git/Blackjack-29/Controle.vhd Line: 98
Warning (10492): VHDL Process Statement warning at Controle.vhd(98): signal "win0" is read inside the Process Statement but isn't in the Process Statement's sensitivity list File: /home/josef/Documentos/Programacao/git/Blackjack-29/Controle.vhd Line: 98
Warning (10492): VHDL Process Statement warning at Controle.vhd(98): signal "win1" is read inside the Process Statement but isn't in the Process Statement's sensitivity list File: /home/josef/Documentos/Programacao/git/Blackjack-29/Controle.vhd Line: 98
Warning (10492): VHDL Process Statement warning at Controle.vhd(100): signal "overflow" is read inside the Process Statement but isn't in the Process Statement's sensitivity list File: /home/josef/Documentos/Programacao/git/Blackjack-29/Controle.vhd Line: 100
Warning (10492): VHDL Process Statement warning at Controle.vhd(100): signal "end_game" is read inside the Process Statement but isn't in the Process Statement's sensitivity list File: /home/josef/Documentos/Programacao/git/Blackjack-29/Controle.vhd Line: 100
Warning (10492): VHDL Process Statement warning at Controle.vhd(100): signal "win0" is read inside the Process Statement but isn't in the Process Statement's sensitivity list File: /home/josef/Documentos/Programacao/git/Blackjack-29/Controle.vhd Line: 100
Warning (10492): VHDL Process Statement warning at Controle.vhd(100): signal "win1" is read inside the Process Statement but isn't in the Process Statement's sensitivity list File: /home/josef/Documentos/Programacao/git/Blackjack-29/Controle.vhd Line: 100
Info (12128): Elaborating entity "Datapath" for hierarchy "Datapath:DTPATH" File: /home/josef/Documentos/Programacao/git/Blackjack-29/Topo.vhd Line: 91
Info (10041): Inferred latch for "CLKHZ" at Datapath.vhd(151) File: /home/josef/Documentos/Programacao/git/Blackjack-29/Datapath.vhd Line: 151
Info (12128): Elaborating entity "FSM_clock" for hierarchy "Datapath:DTPATH|FSM_clock:C1" File: /home/josef/Documentos/Programacao/git/Blackjack-29/Datapath.vhd Line: 150
Info (12128): Elaborating entity "Sequencer" for hierarchy "Datapath:DTPATH|Sequencer:S1" File: /home/josef/Documentos/Programacao/git/Blackjack-29/Datapath.vhd Line: 157
Info (10041): Inferred latch for "prox[0]" at Sequencer.vhd(36) File: /home/josef/Documentos/Programacao/git/Blackjack-29/Sequencer.vhd Line: 36
Info (10041): Inferred latch for "prox[1]" at Sequencer.vhd(36) File: /home/josef/Documentos/Programacao/git/Blackjack-29/Sequencer.vhd Line: 36
Info (10041): Inferred latch for "prox[2]" at Sequencer.vhd(36) File: /home/josef/Documentos/Programacao/git/Blackjack-29/Sequencer.vhd Line: 36
Info (10041): Inferred latch for "prox[3]" at Sequencer.vhd(36) File: /home/josef/Documentos/Programacao/git/Blackjack-29/Sequencer.vhd Line: 36
Info (12128): Elaborating entity "Counter_round" for hierarchy "Datapath:DTPATH|Counter_round:CR1" File: /home/josef/Documentos/Programacao/git/Blackjack-29/Datapath.vhd Line: 160
Info (12128): Elaborating entity "Counter_time" for hierarchy "Datapath:DTPATH|Counter_time:CT1" File: /home/josef/Documentos/Programacao/git/Blackjack-29/Datapath.vhd Line: 164
Info (12128): Elaborating entity "Counter_point1" for hierarchy "Datapath:DTPATH|Counter_point1:CP0" File: /home/josef/Documentos/Programacao/git/Blackjack-29/Datapath.vhd Line: 167
Warning (10492): VHDL Process Statement warning at Counter_point1.vhd(27): signal "HexSeq" is read inside the Process Statement but isn't in the Process Statement's sensitivity list File: /home/josef/Documentos/Programacao/git/Blackjack-29/Counter_point1.vhd Line: 27
Info (12128): Elaborating entity "Counter_point" for hierarchy "Datapath:DTPATH|Counter_point:CP1" File: /home/josef/Documentos/Programacao/git/Blackjack-29/Datapath.vhd Line: 170
Warning (10492): VHDL Process Statement warning at Counter_point.vhd(27): signal "HexSeq" is read inside the Process Statement but isn't in the Process Statement's sensitivity list File: /home/josef/Documentos/Programacao/git/Blackjack-29/Counter_point.vhd Line: 27
Info (12128): Elaborating entity "Led" for hierarchy "Datapath:DTPATH|Led:L1" File: /home/josef/Documentos/Programacao/git/Blackjack-29/Datapath.vhd Line: 198
Info (10041): Inferred latch for "HEX4[0]" at Led.vhd(80) File: /home/josef/Documentos/Programacao/git/Blackjack-29/Led.vhd Line: 80
Info (10041): Inferred latch for "HEX4[1]" at Led.vhd(80) File: /home/josef/Documentos/Programacao/git/Blackjack-29/Led.vhd Line: 80
Info (10041): Inferred latch for "HEX4[2]" at Led.vhd(80) File: /home/josef/Documentos/Programacao/git/Blackjack-29/Led.vhd Line: 80
Info (10041): Inferred latch for "HEX4[3]" at Led.vhd(80) File: /home/josef/Documentos/Programacao/git/Blackjack-29/Led.vhd Line: 80
Info (10041): Inferred latch for "HEX4[4]" at Led.vhd(80) File: /home/josef/Documentos/Programacao/git/Blackjack-29/Led.vhd Line: 80
Info (10041): Inferred latch for "HEX4[5]" at Led.vhd(80) File: /home/josef/Documentos/Programacao/git/Blackjack-29/Led.vhd Line: 80
Info (10041): Inferred latch for "HEX4[6]" at Led.vhd(80) File: /home/josef/Documentos/Programacao/git/Blackjack-29/Led.vhd Line: 80
Info (10041): Inferred latch for "HEX5[0]" at Led.vhd(75) File: /home/josef/Documentos/Programacao/git/Blackjack-29/Led.vhd Line: 75
Info (10041): Inferred latch for "HEX5[1]" at Led.vhd(75) File: /home/josef/Documentos/Programacao/git/Blackjack-29/Led.vhd Line: 75
Info (10041): Inferred latch for "HEX5[2]" at Led.vhd(75) File: /home/josef/Documentos/Programacao/git/Blackjack-29/Led.vhd Line: 75
Info (10041): Inferred latch for "HEX5[3]" at Led.vhd(75) File: /home/josef/Documentos/Programacao/git/Blackjack-29/Led.vhd Line: 75
Info (10041): Inferred latch for "HEX5[4]" at Led.vhd(75) File: /home/josef/Documentos/Programacao/git/Blackjack-29/Led.vhd Line: 75
Info (10041): Inferred latch for "HEX5[5]" at Led.vhd(75) File: /home/josef/Documentos/Programacao/git/Blackjack-29/Led.vhd Line: 75
Info (10041): Inferred latch for "HEX5[6]" at Led.vhd(75) File: /home/josef/Documentos/Programacao/git/Blackjack-29/Led.vhd Line: 75
Info (12128): Elaborating entity "DecodBCD" for hierarchy "Datapath:DTPATH|Led:L1|DecodBCD:U1BCD" File: /home/josef/Documentos/Programacao/git/Blackjack-29/Led.vhd Line: 58
Info (10041): Inferred latch for "saidaMS[0]" at DecodBCD.vhd(52) File: /home/josef/Documentos/Programacao/git/Blackjack-29/DecodBCD.vhd Line: 52
Info (10041): Inferred latch for "saidaMS[1]" at DecodBCD.vhd(52) File: /home/josef/Documentos/Programacao/git/Blackjack-29/DecodBCD.vhd Line: 52
Info (10041): Inferred latch for "saidaMS[2]" at DecodBCD.vhd(52) File: /home/josef/Documentos/Programacao/git/Blackjack-29/DecodBCD.vhd Line: 52
Info (10041): Inferred latch for "saidaMS[3]" at DecodBCD.vhd(52) File: /home/josef/Documentos/Programacao/git/Blackjack-29/DecodBCD.vhd Line: 52
Info (10041): Inferred latch for "saidaLS[0]" at DecodBCD.vhd(16) File: /home/josef/Documentos/Programacao/git/Blackjack-29/DecodBCD.vhd Line: 16
Info (10041): Inferred latch for "saidaLS[1]" at DecodBCD.vhd(16) File: /home/josef/Documentos/Programacao/git/Blackjack-29/DecodBCD.vhd Line: 16
Info (10041): Inferred latch for "saidaLS[2]" at DecodBCD.vhd(16) File: /home/josef/Documentos/Programacao/git/Blackjack-29/DecodBCD.vhd Line: 16
Info (10041): Inferred latch for "saidaLS[3]" at DecodBCD.vhd(16) File: /home/josef/Documentos/Programacao/git/Blackjack-29/DecodBCD.vhd Line: 16
Info (12128): Elaborating entity "Decod7seg" for hierarchy "Datapath:DTPATH|Led:L1|Decod7seg:H1" File: /home/josef/Documentos/Programacao/git/Blackjack-29/Led.vhd Line: 62
Info (10041): Inferred latch for "saida[0]" at Decod7seg.vhd(12) File: /home/josef/Documentos/Programacao/git/Blackjack-29/Decod7seg.vhd Line: 12
Info (10041): Inferred latch for "saida[1]" at Decod7seg.vhd(12) File: /home/josef/Documentos/Programacao/git/Blackjack-29/Decod7seg.vhd Line: 12
Info (10041): Inferred latch for "saida[2]" at Decod7seg.vhd(12) File: /home/josef/Documentos/Programacao/git/Blackjack-29/Decod7seg.vhd Line: 12
Info (10041): Inferred latch for "saida[3]" at Decod7seg.vhd(12) File: /home/josef/Documentos/Programacao/git/Blackjack-29/Decod7seg.vhd Line: 12
Info (10041): Inferred latch for "saida[4]" at Decod7seg.vhd(12) File: /home/josef/Documentos/Programacao/git/Blackjack-29/Decod7seg.vhd Line: 12
Info (10041): Inferred latch for "saida[5]" at Decod7seg.vhd(12) File: /home/josef/Documentos/Programacao/git/Blackjack-29/Decod7seg.vhd Line: 12
Info (10041): Inferred latch for "saida[6]" at Decod7seg.vhd(12) File: /home/josef/Documentos/Programacao/git/Blackjack-29/Decod7seg.vhd Line: 12
Info (12128): Elaborating entity "DecodLED" for hierarchy "Datapath:DTPATH|Led:L1|DecodLED:LE1" File: /home/josef/Documentos/Programacao/git/Blackjack-29/Led.vhd Line: 72
Info (10041): Inferred latch for "saida[0]" at DecodLED.vhd(12) File: /home/josef/Documentos/Programacao/git/Blackjack-29/DecodLED.vhd Line: 12
Info (10041): Inferred latch for "saida[1]" at DecodLED.vhd(12) File: /home/josef/Documentos/Programacao/git/Blackjack-29/DecodLED.vhd Line: 12
Info (10041): Inferred latch for "saida[2]" at DecodLED.vhd(12) File: /home/josef/Documentos/Programacao/git/Blackjack-29/DecodLED.vhd Line: 12
Info (10041): Inferred latch for "saida[3]" at DecodLED.vhd(12) File: /home/josef/Documentos/Programacao/git/Blackjack-29/DecodLED.vhd Line: 12
Info (10041): Inferred latch for "saida[4]" at DecodLED.vhd(12) File: /home/josef/Documentos/Programacao/git/Blackjack-29/DecodLED.vhd Line: 12
Info (10041): Inferred latch for "saida[5]" at DecodLED.vhd(12) File: /home/josef/Documentos/Programacao/git/Blackjack-29/DecodLED.vhd Line: 12
Info (10041): Inferred latch for "saida[6]" at DecodLED.vhd(12) File: /home/josef/Documentos/Programacao/git/Blackjack-29/DecodLED.vhd Line: 12
Info (10041): Inferred latch for "saida[7]" at DecodLED.vhd(12) File: /home/josef/Documentos/Programacao/git/Blackjack-29/DecodLED.vhd Line: 12
Info (10041): Inferred latch for "saida[8]" at DecodLED.vhd(12) File: /home/josef/Documentos/Programacao/git/Blackjack-29/DecodLED.vhd Line: 12
Info (10041): Inferred latch for "saida[9]" at DecodLED.vhd(12) File: /home/josef/Documentos/Programacao/git/Blackjack-29/DecodLED.vhd Line: 12
Warning (14025): LATCH primitive "Datapath:DTPATH|Led:L1|Decod7seg:W1|saida[6]" is permanently disabled File: /home/josef/Documentos/Programacao/git/Blackjack-29/Decod7seg.vhd Line: 12
Warning (14026): LATCH primitive "Datapath:DTPATH|CLKHZ" is permanently enabled File: /home/josef/Documentos/Programacao/git/Blackjack-29/Datapath.vhd Line: 37
Warning (19016): Clock multiplexers are found and protected
    Warning (19017): Found clock multiplexer Datapath:DTPATH|CLKHZ~0 File: /home/josef/Documentos/Programacao/git/Blackjack-29/Datapath.vhd Line: 37
    Warning (19017): Found clock multiplexer Datapath:DTPATH|CLKHZ~1 File: /home/josef/Documentos/Programacao/git/Blackjack-29/Datapath.vhd Line: 37
    Warning (19017): Found clock multiplexer Datapath:DTPATH|CLKHZ~2 File: /home/josef/Documentos/Programacao/git/Blackjack-29/Datapath.vhd Line: 37
Info (286030): Timing-Driven Synthesis is running
Info (17049): 6 registers lost all their fanouts during netlist optimizations.
Warning (20013): Ignored 24 assignments for entity "ghrd_top" -- entity does not exist in design
    Warning (20014): Assignment for entity set_instance_assignment -name PARTITION_HIERARCHY root_partition -to | -entity ghrd_top -section_id Top was ignored
    Warning (20014): Assignment for entity set_global_assignment -name PARTITION_NETLIST_TYPE SOURCE -entity ghrd_top -section_id Top was ignored
    Warning (20014): Assignment for entity set_global_assignment -name PARTITION_FITTER_PRESERVATION_LEVEL PLACEMENT_AND_ROUTING -entity ghrd_top -section_id Top was ignored
    Warning (20014): Assignment for entity set_global_assignment -name PARTITION_PRESERVE_HIGH_SPEED_TILES ON -entity ghrd_top -section_id Top was ignored
    Warning (20014): Assignment for entity set_global_assignment -name PARTITION_IGNORE_SOURCE_FILE_CHANGES OFF -entity ghrd_top -section_id Top was ignored
    Warning (20014): Assignment for entity set_global_assignment -name PARTITION_ALWAYS_USE_QXP_NETLIST OFF -entity ghrd_top -section_id Top was ignored
    Warning (20014): Assignment for entity set_global_assignment -name PARTITION_COLOR 16764057 -entity ghrd_top -section_id Top was ignored
    Warning (20014): Assignment for entity set_global_assignment -name PARTITION_IMPORT_ASSIGNMENTS ON -entity ghrd_top -section_id Top was ignored
    Warning (20014): Assignment for entity set_global_assignment -name PARTITION_IMPORT_EXISTING_ASSIGNMENTS REPLACE_CONFLICTING -entity ghrd_top -section_id Top was ignored
    Warning (20014): Assignment for entity set_global_assignment -name PARTITION_IMPORT_EXISTING_LOGICLOCK_REGIONS UPDATE_CONFLICTING -entity ghrd_top -section_id Top was ignored
    Warning (20014): Assignment for entity set_global_assignment -name PARTITION_IMPORT_PIN_ASSIGNMENTS ON -entity ghrd_top -section_id Top was ignored
    Warning (20014): Assignment for entity set_global_assignment -name PARTITION_IMPORT_PROMOTE_ASSIGNMENTS ON -entity ghrd_top -section_id Top was ignored
    Warning (20014): Assignment for entity set_global_assignment -name PARTITION_TYPE STANDARD_PARTITION -entity ghrd_top -section_id Top was ignored
    Warning (20014): Assignment for entity set_global_assignment -name ALLOW_MULTIPLE_PERSONAS OFF -entity ghrd_top -section_id Top was ignored
    Warning (20014): Assignment for entity set_global_assignment -name PARTITION_ASD_REGION_ID 1 -entity ghrd_top -section_id Top was ignored
    Warning (20014): Assignment for entity set_global_assignment -name CROSS_BOUNDARY_OPTIMIZATIONS OFF -entity ghrd_top -section_id Top was ignored
    Warning (20014): Assignment for entity set_global_assignment -name PROPAGATE_CONSTANTS_ON_INPUTS ON -entity ghrd_top -section_id Top was ignored
    Warning (20014): Assignment for entity set_global_assignment -name PROPAGATE_INVERSIONS_ON_INPUTS ON -entity ghrd_top -section_id Top was ignored
    Warning (20014): Assignment for entity set_global_assignment -name REMOVE_LOGIC_ON_UNCONNECTED_OUTPUTS ON -entity ghrd_top -section_id Top was ignored
    Warning (20014): Assignment for entity set_global_assignment -name MERGE_EQUIVALENT_INPUTS ON -entity ghrd_top -section_id Top was ignored
    Warning (20014): Assignment for entity set_global_assignment -name MERGE_EQUIVALENT_BIDIRS ON -entity ghrd_top -section_id Top was ignored
    Warning (20014): Assignment for entity set_global_assignment -name ABSORB_PATHS_FROM_OUTPUTS_TO_INPUTS ON -entity ghrd_top -section_id Top was ignored
    Warning (20014): Assignment for entity set_global_assignment -name PARTITION_EXTRACT_HARD_BLOCK_NODES ON -entity ghrd_top -section_id Top was ignored
    Warning (20014): Assignment for entity set_global_assignment -name PARTITION_ENABLE_STRICT_PRESERVATION OFF -entity ghrd_top -section_id Top was ignored
Info (16010): Generating hard_block partition "hard_block:auto_generated_inst"
    Info (16011): Adding 0 node(s), including 0 DDIO, 0 PLL, 0 transceiver and 0 LCELL
Warning (21074): Design contains 1 input pin(s) that do not drive logic
    Warning (15610): No output dependent on input pin "KEY[3]" File: /home/josef/Documentos/Programacao/git/Blackjack-29/Topo.vhd Line: 13
Info (21057): Implemented 415 device resources after synthesis - the final resource count might be different
    Info (21058): Implemented 7 input pins
    Info (21059): Implemented 52 output pins
    Info (21061): Implemented 356 logic cells
Info: Quartus Prime Analysis & Synthesis was successful. 0 errors, 48 warnings
    Info: Peak virtual memory: 1014 megabytes
    Info: Processing ended: Tue Jun 25 15:24:38 2019
    Info: Elapsed time: 00:00:24
    Info: Total CPU time (on all processors): 00:00:46


