------------------------------------------------------------
Timing Analyzer Summary
------------------------------------------------------------

Type  : Slow 1100mV 85C Model Setup 'Datapath:DTPATH|FSM_clock:C1|clock_saida0_5Hz'
Slack : -3.908
TNS   : -28.899

Type  : Slow 1100mV 85C Model Setup 'Datapath:DTPATH|FSM_clock:C1|clock_saida10Hz'
Slack : -3.446
TNS   : -26.812

Type  : Slow 1100mV 85C Model Setup 'CLOCK_50'
Slack : -2.746
TNS   : -379.632

Type  : Slow 1100mV 85C Model Hold 'Datapath:DTPATH|FSM_clock:C1|clock_saida0_5Hz'
Slack : 0.354
TNS   : 0.000

Type  : Slow 1100mV 85C Model Hold 'CLOCK_50'
Slack : 0.369
TNS   : 0.000

Type  : Slow 1100mV 85C Model Hold 'Datapath:DTPATH|FSM_clock:C1|clock_saida10Hz'
Slack : 0.823
TNS   : 0.000

Type  : Slow 1100mV 85C Model Recovery 'Datapath:DTPATH|FSM_clock:C1|clock_saida0_5Hz'
Slack : -3.511
TNS   : -28.055

Type  : Slow 1100mV 85C Model Recovery 'Datapath:DTPATH|FSM_clock:C1|clock_saida10Hz'
Slack : -2.668
TNS   : -23.994

Type  : Slow 1100mV 85C Model Recovery 'CLOCK_50'
Slack : -0.868
TNS   : -108.887

Type  : Slow 1100mV 85C Model Removal 'CLOCK_50'
Slack : 0.783
TNS   : 0.000

Type  : Slow 1100mV 85C Model Removal 'Datapath:DTPATH|FSM_clock:C1|clock_saida10Hz'
Slack : 1.936
TNS   : 0.000

Type  : Slow 1100mV 85C Model Removal 'Datapath:DTPATH|FSM_clock:C1|clock_saida0_5Hz'
Slack : 2.813
TNS   : 0.000

Type  : Slow 1100mV 85C Model Minimum Pulse Width 'CLOCK_50'
Slack : -0.400
TNS   : -85.951

Type  : Slow 1100mV 85C Model Minimum Pulse Width 'Datapath:DTPATH|FSM_clock:C1|clock_saida10Hz'
Slack : -0.394
TNS   : -5.257

Type  : Slow 1100mV 85C Model Minimum Pulse Width 'Datapath:DTPATH|FSM_clock:C1|clock_saida0_5Hz'
Slack : -0.394
TNS   : -4.116

Type  : Slow 1100mV 0C Model Setup 'Datapath:DTPATH|FSM_clock:C1|clock_saida0_5Hz'
Slack : -4.013
TNS   : -29.445

Type  : Slow 1100mV 0C Model Setup 'Datapath:DTPATH|FSM_clock:C1|clock_saida10Hz'
Slack : -3.581
TNS   : -27.213

Type  : Slow 1100mV 0C Model Setup 'CLOCK_50'
Slack : -2.893
TNS   : -373.184

Type  : Slow 1100mV 0C Model Hold 'Datapath:DTPATH|FSM_clock:C1|clock_saida0_5Hz'
Slack : 0.352
TNS   : 0.000

Type  : Slow 1100mV 0C Model Hold 'CLOCK_50'
Slack : 0.374
TNS   : 0.000

Type  : Slow 1100mV 0C Model Hold 'Datapath:DTPATH|FSM_clock:C1|clock_saida10Hz'
Slack : 0.783
TNS   : 0.000

Type  : Slow 1100mV 0C Model Recovery 'Datapath:DTPATH|FSM_clock:C1|clock_saida0_5Hz'
Slack : -3.615
TNS   : -28.898

Type  : Slow 1100mV 0C Model Recovery 'Datapath:DTPATH|FSM_clock:C1|clock_saida10Hz'
Slack : -2.759
TNS   : -24.815

Type  : Slow 1100mV 0C Model Recovery 'CLOCK_50'
Slack : -0.792
TNS   : -99.841

Type  : Slow 1100mV 0C Model Removal 'CLOCK_50'
Slack : 0.741
TNS   : 0.000

Type  : Slow 1100mV 0C Model Removal 'Datapath:DTPATH|FSM_clock:C1|clock_saida10Hz'
Slack : 2.028
TNS   : 0.000

Type  : Slow 1100mV 0C Model Removal 'Datapath:DTPATH|FSM_clock:C1|clock_saida0_5Hz'
Slack : 2.928
TNS   : 0.000

Type  : Slow 1100mV 0C Model Minimum Pulse Width 'CLOCK_50'
Slack : -0.422
TNS   : -91.032

Type  : Slow 1100mV 0C Model Minimum Pulse Width 'Datapath:DTPATH|FSM_clock:C1|clock_saida10Hz'
Slack : -0.394
TNS   : -5.294

Type  : Slow 1100mV 0C Model Minimum Pulse Width 'Datapath:DTPATH|FSM_clock:C1|clock_saida0_5Hz'
Slack : -0.394
TNS   : -4.093

Type  : Fast 1100mV 85C Model Setup 'Datapath:DTPATH|FSM_clock:C1|clock_saida0_5Hz'
Slack : -1.978
TNS   : -13.991

Type  : Fast 1100mV 85C Model Setup 'Datapath:DTPATH|FSM_clock:C1|clock_saida10Hz'
Slack : -1.646
TNS   : -12.121

Type  : Fast 1100mV 85C Model Setup 'CLOCK_50'
Slack : -1.226
TNS   : -160.925

Type  : Fast 1100mV 85C Model Hold 'Datapath:DTPATH|FSM_clock:C1|clock_saida0_5Hz'
Slack : 0.170
TNS   : 0.000

Type  : Fast 1100mV 85C Model Hold 'CLOCK_50'
Slack : 0.197
TNS   : 0.000

Type  : Fast 1100mV 85C Model Hold 'Datapath:DTPATH|FSM_clock:C1|clock_saida10Hz'
Slack : 0.443
TNS   : 0.000

Type  : Fast 1100mV 85C Model Recovery 'Datapath:DTPATH|FSM_clock:C1|clock_saida0_5Hz'
Slack : -1.655
TNS   : -13.230

Type  : Fast 1100mV 85C Model Recovery 'Datapath:DTPATH|FSM_clock:C1|clock_saida10Hz'
Slack : -1.170
TNS   : -10.519

Type  : Fast 1100mV 85C Model Recovery 'CLOCK_50'
Slack : -0.212
TNS   : -13.835

Type  : Fast 1100mV 85C Model Removal 'CLOCK_50'
Slack : 0.443
TNS   : 0.000

Type  : Fast 1100mV 85C Model Removal 'Datapath:DTPATH|FSM_clock:C1|clock_saida10Hz'
Slack : 0.972
TNS   : 0.000

Type  : Fast 1100mV 85C Model Removal 'Datapath:DTPATH|FSM_clock:C1|clock_saida0_5Hz'
Slack : 1.393
TNS   : 0.000

Type  : Fast 1100mV 85C Model Minimum Pulse Width 'CLOCK_50'
Slack : -0.429
TNS   : -15.180

Type  : Fast 1100mV 85C Model Minimum Pulse Width 'Datapath:DTPATH|FSM_clock:C1|clock_saida0_5Hz'
Slack : 0.142
TNS   : 0.000

Type  : Fast 1100mV 85C Model Minimum Pulse Width 'Datapath:DTPATH|FSM_clock:C1|clock_saida10Hz'
Slack : 0.147
TNS   : 0.000

Type  : Fast 1100mV 0C Model Setup 'Datapath:DTPATH|FSM_clock:C1|clock_saida0_5Hz'
Slack : -1.911
TNS   : -13.539

Type  : Fast 1100mV 0C Model Setup 'Datapath:DTPATH|FSM_clock:C1|clock_saida10Hz'
Slack : -1.607
TNS   : -11.716

Type  : Fast 1100mV 0C Model Setup 'CLOCK_50'
Slack : -1.181
TNS   : -139.128

Type  : Fast 1100mV 0C Model Hold 'Datapath:DTPATH|FSM_clock:C1|clock_saida0_5Hz'
Slack : 0.156
TNS   : 0.000

Type  : Fast 1100mV 0C Model Hold 'CLOCK_50'
Slack : 0.188
TNS   : 0.000

Type  : Fast 1100mV 0C Model Hold 'Datapath:DTPATH|FSM_clock:C1|clock_saida10Hz'
Slack : 0.397
TNS   : 0.000

Type  : Fast 1100mV 0C Model Recovery 'Datapath:DTPATH|FSM_clock:C1|clock_saida0_5Hz'
Slack : -1.618
TNS   : -12.931

Type  : Fast 1100mV 0C Model Recovery 'Datapath:DTPATH|FSM_clock:C1|clock_saida10Hz'
Slack : -1.156
TNS   : -10.390

Type  : Fast 1100mV 0C Model Recovery 'CLOCK_50'
Slack : -0.108
TNS   : -3.698

Type  : Fast 1100mV 0C Model Removal 'CLOCK_50'
Slack : 0.396
TNS   : 0.000

Type  : Fast 1100mV 0C Model Removal 'Datapath:DTPATH|FSM_clock:C1|clock_saida10Hz'
Slack : 0.972
TNS   : 0.000

Type  : Fast 1100mV 0C Model Removal 'Datapath:DTPATH|FSM_clock:C1|clock_saida0_5Hz'
Slack : 1.376
TNS   : 0.000

Type  : Fast 1100mV 0C Model Minimum Pulse Width 'CLOCK_50'
Slack : -0.435
TNS   : -14.895

Type  : Fast 1100mV 0C Model Minimum Pulse Width 'Datapath:DTPATH|FSM_clock:C1|clock_saida10Hz'
Slack : 0.130
TNS   : 0.000

Type  : Fast 1100mV 0C Model Minimum Pulse Width 'Datapath:DTPATH|FSM_clock:C1|clock_saida0_5Hz'
Slack : 0.148
TNS   : 0.000

------------------------------------------------------------
